{"level":"info","message":"Server running on port 9000","timestamp":"21/12/2025, 13:04:24"}
{"level":"info","message":"Server running on port 9000","timestamp":"21/12/2025, 13:04:42"}
{"level":"info","message":"Server running on port 9000","timestamp":"21/12/2025, 13:05:01"}
{"level":"info","message":"Server running on port 9000","timestamp":"21/12/2025, 13:05:17"}
{"level":"info","message":"Server running on port 9000","timestamp":"21/12/2025, 13:05:34"}
{"level":"info","message":"Server running on port 9000","timestamp":"21/12/2025, 13:05:44"}
{"level":"info","message":"Server running on port 9000","timestamp":"21/12/2025, 13:06:14"}
{"level":"info","message":"Server running on port 9000","timestamp":"21/12/2025, 13:13:03"}
{"level":"info","message":"Server running on port 9000","timestamp":"21/12/2025, 13:17:57"}
{"level":"info","message":"Server running on port 9000","timestamp":"21/12/2025, 13:18:05"}
{"level":"info","message":"Server running on port 9000","timestamp":"21/12/2025, 13:18:11"}
{"level":"info","message":"Server running on port 9000","timestamp":"21/12/2025, 13:20:35"}
{"level":"info","message":"Server running on port 9000","timestamp":"21/12/2025, 13:30:41"}
{"level":"info","message":"Server running on port 9000","timestamp":"21/12/2025, 13:30:43"}
{"level":"info","message":"Server running on port 9000","timestamp":"21/12/2025, 13:33:43"}
{"level":"info","message":"Server running on port 9000","timestamp":"21/12/2025, 13:34:01"}
{"level":"info","message":"Server running on port 9000","timestamp":"27/12/2025, 22:13:47"}
{"level":"info","message":"Server running on port 9000","timestamp":"29/12/2025, 09:58:22"}
{"level":"info","message":"Server running on port 9000","timestamp":"2/1/2026, 07:22:56"}
{"level":"info","message":"Server running on port 9000","timestamp":"2/1/2026, 07:36:42"}
{"level":"info","message":"Server running on port 9000","timestamp":"2/1/2026, 07:36:51"}
{"level":"info","message":"Server running on port 9000","timestamp":"2/1/2026, 07:36:57"}
{"level":"info","message":"Server running on port 9000","timestamp":"2/1/2026, 07:41:23"}
{"level":"info","message":"Server running on port 9000","timestamp":"2/1/2026, 07:41:29"}
{"level":"info","message":"Server running on port 9000","timestamp":"2/1/2026, 07:41:36"}
{"level":"info","message":"Server running on port 9000","timestamp":"2/1/2026, 07:41:39"}
{"level":"info","message":"Server running on port 9000","timestamp":"2/1/2026, 07:41:57"}
{"level":"info","message":"Server running on port 9000","timestamp":"2/1/2026, 07:42:12"}
{"level":"info","message":"Server running on port 9000","timestamp":"2/1/2026, 07:42:14"}
{"level":"info","message":"Server running on port 9000","timestamp":"2/1/2026, 07:42:17"}
{"level":"info","message":"Server running on port 9000","timestamp":"2/1/2026, 07:42:18"}
{"level":"info","message":"Server running on port 9000","timestamp":"2/1/2026, 07:42:22"}
{"level":"info","message":"Server running on port 9000","timestamp":"2/1/2026, 07:42:39"}
{"level":"info","message":"Server running on port 9000","timestamp":"2/1/2026, 07:43:35"}
{"level":"info","message":"Server running on port 9000","timestamp":"2/1/2026, 07:43:47"}
{"level":"info","message":"Server running on port 9000","timestamp":"2/1/2026, 07:44:21"}
{"level":"info","message":"Server running on port 9000","timestamp":"2/1/2026, 07:44:22"}
{"level":"info","message":"Server running on port 9000","timestamp":"2/1/2026, 07:44:25"}
{"level":"info","message":"Server running on port 9000","timestamp":"2/1/2026, 07:44:26"}
{"level":"info","message":"Server running on port 9000","timestamp":"2/1/2026, 07:44:38"}
{"level":"info","message":"Server running on port 9000","timestamp":"2/1/2026, 07:44:39"}
{"level":"info","message":"Server running on port 9000","timestamp":"2/1/2026, 07:44:52"}
{"level":"info","message":"Server running on port 9000","timestamp":"2/1/2026, 07:49:02"}
{"level":"info","message":"Server running on port 9000","timestamp":"2/1/2026, 07:55:50"}
{"level":"info","message":"Server running on port 9000","timestamp":"9/1/2026, 08:10:16"}
{"level":"info","message":"Server running on port 9000","timestamp":"9/1/2026, 08:15:44"}
{"level":"info","message":"Server running on port 9000","timestamp":"9/1/2026, 08:18:03"}
{"level":"info","message":"Server running on port 9000","timestamp":"9/1/2026, 08:18:19"}
{"level":"info","message":"Server running on port 9000","timestamp":"9/1/2026, 08:18:27"}
{"level":"info","message":"Server running on port 9000","timestamp":"9/1/2026, 08:18:32"}
{"level":"info","message":"Server running on port 9000","timestamp":"9/1/2026, 08:18:34"}
{"level":"info","message":"Server running on port 9000","timestamp":"9/1/2026, 08:18:35"}
{"level":"info","message":"Server running on port 9000","timestamp":"9/1/2026, 08:18:36"}
{"level":"info","message":"Server running on port 9000","timestamp":"9/1/2026, 08:18:40"}
{"level":"info","message":"Server running on port 9000","timestamp":"9/1/2026, 08:19:00"}
{"level":"info","message":"Server running on port 9000","timestamp":"9/1/2026, 08:20:28"}
{"level":"info","message":"Server running on port 9000","timestamp":"9/1/2026, 08:20:32"}
{"level":"info","message":"Server running on port 9000","timestamp":"9/1/2026, 08:20:37"}
{"level":"info","message":"Server running on port 9000","timestamp":"9/1/2026, 08:20:52"}
{"level":"info","message":"Server running on port 9000","timestamp":"9/1/2026, 08:20:53"}
{"level":"info","message":"Server running on port 9000","timestamp":"9/1/2026, 08:20:59"}
{"level":"info","message":"Server running on port 9000","timestamp":"9/1/2026, 08:21:04"}
{"level":"info","message":"Server running on port 9000","timestamp":"9/1/2026, 08:21:13"}
{"level":"info","message":"Server running on port 9000","timestamp":"9/1/2026, 08:21:29"}
{"level":"info","message":"Server running on port 9000","timestamp":"9/1/2026, 08:21:34"}
{"level":"info","message":"Server running on port 9000","timestamp":"9/1/2026, 08:21:37"}
{"level":"info","message":"Server running on port 9000","timestamp":"9/1/2026, 08:21:59"}
{"level":"info","message":"Server running on port 9000","timestamp":"9/1/2026, 08:22:03"}
{"level":"info","message":"Server running on port 9000","timestamp":"9/1/2026, 08:22:44"}
{"level":"info","message":"Server running on port 9000","timestamp":"9/1/2026, 08:22:47"}
{"level":"info","message":"Server running on port 9000","timestamp":"9/1/2026, 08:22:55"}
{"level":"info","message":"Server running on port 9000","timestamp":"9/1/2026, 08:23:04"}
{"level":"info","message":"Server running on port 9000","timestamp":"9/1/2026, 08:23:28"}
{"level":"info","message":"Server running on port 9000","timestamp":"9/1/2026, 08:23:31"}
{"level":"info","message":"Server running on port 9000","timestamp":"9/1/2026, 08:23:34"}
{"level":"info","message":"Server running on port 9000","timestamp":"9/1/2026, 08:23:41"}
{"level":"info","message":"Server running on port 9000","timestamp":"9/1/2026, 08:23:45"}
{"level":"info","message":"Server running on port 9000","timestamp":"9/1/2026, 08:23:49"}
{"level":"info","message":"Server running on port 9000","timestamp":"9/1/2026, 08:23:51"}
{"level":"info","message":"Server running on port 9000","timestamp":"9/1/2026, 08:23:55"}
{"level":"info","message":"Server running on port 9000","timestamp":"9/1/2026, 08:23:57"}
{"level":"info","message":"Server running on port 9000","timestamp":"9/1/2026, 08:24:01"}
{"level":"info","message":"Server running on port 9000","timestamp":"9/1/2026, 08:24:09"}
{"level":"info","message":"Server running on port 9000","timestamp":"9/1/2026, 08:24:15"}
{"level":"info","message":"Server running on port 9000","timestamp":"9/1/2026, 08:24:18"}
{"level":"info","message":"Server running on port 9000","timestamp":"9/1/2026, 08:24:21"}
{"level":"info","message":"Server running on port 9000","timestamp":"9/1/2026, 08:24:22"}
{"level":"info","message":"Server running on port 9000","timestamp":"9/1/2026, 08:24:24"}
{"level":"info","message":"Server running on port 9000","timestamp":"9/1/2026, 08:24:38"}
{"level":"info","message":"Server running on port 9000","timestamp":"9/1/2026, 08:24:40"}
{"level":"info","message":"Server running on port 9000","timestamp":"9/1/2026, 08:24:44"}
{"level":"info","message":"Server running on port 9000","timestamp":"9/1/2026, 08:24:48"}
{"level":"info","message":"Server running on port 9000","timestamp":"9/1/2026, 08:24:52"}
{"level":"info","message":"Server running on port 9000","timestamp":"9/1/2026, 08:24:54"}
{"level":"info","message":"Server running on port 9000","timestamp":"9/1/2026, 08:24:58"}
{"level":"info","message":"Server running on port 9000","timestamp":"9/1/2026, 08:25:02"}
{"level":"info","message":"Server running on port 9000","timestamp":"9/1/2026, 08:25:04"}
{"level":"info","message":"Server running on port 9000","timestamp":"9/1/2026, 08:25:08"}
{"level":"info","message":"Server running on port 9000","timestamp":"9/1/2026, 08:25:11"}
{"level":"info","message":"Server running on port 9000","timestamp":"9/1/2026, 08:25:16"}
{"level":"info","message":"Server running on port 9000","timestamp":"9/1/2026, 08:25:18"}
{"level":"info","message":"Server running on port 9000","timestamp":"9/1/2026, 08:25:20"}
{"level":"info","message":"Server running on port 9000","timestamp":"9/1/2026, 08:25:28"}
{"level":"info","message":"Server running on port 9000","timestamp":"9/1/2026, 08:25:30"}
{"level":"info","message":"Server running on port 9000","timestamp":"9/1/2026, 08:25:38"}
{"level":"info","message":"Server running on port 9000","timestamp":"9/1/2026, 08:25:41"}
{"level":"info","message":"Server running on port 9000","timestamp":"9/1/2026, 08:25:44"}
{"level":"info","message":"Server running on port 9000","timestamp":"9/1/2026, 08:26:53"}
{"level":"info","message":"Server running on port 9000","timestamp":"9/1/2026, 08:27:20"}
{"level":"info","message":"Server running on port 9000","timestamp":"9/1/2026, 08:27:24"}
{"level":"info","message":"Server running on port 9000","timestamp":"9/1/2026, 08:29:30"}
{"level":"info","message":"Server running on port 9000","timestamp":"9/1/2026, 08:29:33"}
{"level":"info","message":"Server running on port 9000","timestamp":"9/1/2026, 08:29:43"}
{"level":"info","message":"Server running on port 9000","timestamp":"9/1/2026, 08:29:47"}
{"level":"info","message":"Server running on port 9000","timestamp":"9/1/2026, 08:29:53"}
{"level":"info","message":"Server running on port 9000","timestamp":"9/1/2026, 08:29:55"}
{"level":"info","message":"Server running on port 9000","timestamp":"9/1/2026, 08:29:59"}
{"level":"info","message":"Server running on port 9000","timestamp":"9/1/2026, 08:30:02"}
{"level":"info","message":"Server running on port 9000","timestamp":"9/1/2026, 08:39:49"}
{"level":"info","message":"Server running on port 9000","timestamp":"9/1/2026, 08:40:23"}
{"level":"info","message":"Server running on port 9000","timestamp":"9/1/2026, 08:40:26"}
{"level":"info","message":"Server running on port 9000","timestamp":"9/1/2026, 08:44:12"}
{"level":"info","message":"Server running on port 9000","timestamp":"9/1/2026, 08:44:14"}
{"level":"info","message":"Server running on port 9000","timestamp":"14/1/2026, 08:31:13"}
{"level":"info","message":"Server running on port 9000","timestamp":"14/1/2026, 08:31:15"}
{"level":"info","message":"Server running on port 9000","timestamp":"14/1/2026, 08:32:11"}
{"level":"info","message":"Server running on port 9000","timestamp":"14/1/2026, 08:34:05"}
{"level":"info","message":"Server running on port 9000","timestamp":"14/1/2026, 08:35:08"}
{"level":"info","message":"Server running on port 9000","timestamp":"14/1/2026, 08:37:38"}
{"level":"info","message":"Server running on port 9000","timestamp":"14/1/2026, 08:37:40"}
{"level":"info","message":"Welcome to the API!","timestamp":"14/1/2026, 08:38:57"}
{"fileSize":1042157,"jobDescriptionLength":573,"level":"info","message":"Processing resume polish request:","originalFilename":"file-example_PDF_1MB.pdf","timestamp":"14/1/2026, 08:39:16"}
{"level":"info","message":"Server running on port 9000","timestamp":"14/1/2026, 08:42:00"}
{"level":"info","message":"Server running on port 9000","timestamp":"14/1/2026, 08:42:02"}
{"level":"info","message":"Server running on port 9000","timestamp":"14/1/2026, 08:42:03"}
{"level":"info","message":"Server running on port 9000","timestamp":"14/1/2026, 08:42:13"}
{"level":"info","message":"Server running on port 9000","timestamp":"14/1/2026, 08:42:15"}
{"level":"info","message":"Server running on port 9000","timestamp":"14/1/2026, 08:42:22"}
{"level":"info","message":"Server running on port 9000","timestamp":"14/1/2026, 08:42:28"}
{"fileSize":1042157,"jobDescriptionLength":573,"level":"info","message":"Processing resume polish request:","originalFilename":"file-example_PDF_1MB.pdf","timestamp":"14/1/2026, 08:42:39"}
{"level":"info","message":"Server running on port 9000","timestamp":"14/1/2026, 08:44:25"}
{"level":"info","message":"Server running on port 9000","timestamp":"14/1/2026, 08:44:26"}
{"level":"info","message":"Server running on port 9000","timestamp":"14/1/2026, 08:44:29"}
{"level":"info","message":"Server running on port 9000","timestamp":"14/1/2026, 08:44:36"}
{"level":"info","message":"Server running on port 9000","timestamp":"14/1/2026, 08:44:38"}
{"level":"info","message":"Server running on port 9000","timestamp":"14/1/2026, 08:44:40"}
{"level":"info","message":"Server running on port 9000","timestamp":"14/1/2026, 08:45:03"}
{"level":"info","message":"Server running on port 9000","timestamp":"14/1/2026, 08:45:05"}
{"level":"info","message":"Server running on port 9000","timestamp":"14/1/2026, 08:45:08"}
{"level":"info","message":"Server running on port 9000","timestamp":"14/1/2026, 08:45:09"}
{"level":"info","message":"Server running on port 9000","timestamp":"14/1/2026, 08:46:09"}
{"level":"info","message":"Server running on port 9000","timestamp":"14/1/2026, 08:46:12"}
{"level":"info","message":"Server running on port 9000","timestamp":"14/1/2026, 08:46:26"}
{"level":"info","message":"Server running on port 9000","timestamp":"14/1/2026, 08:48:54"}
{"level":"info","message":"Server running on port 9000","timestamp":"14/1/2026, 08:48:56"}
{"level":"info","message":"Server running on port 9000","timestamp":"14/1/2026, 08:49:05"}
{"level":"info","message":"Server running on port 9000","timestamp":"14/1/2026, 08:49:08"}
{"level":"info","message":"Server running on port 9000","timestamp":"14/1/2026, 08:49:09"}
{"level":"info","message":"Server running on port 9000","timestamp":"14/1/2026, 08:49:10"}
{"level":"info","message":"Server running on port 9000","timestamp":"14/1/2026, 08:49:11"}
{"level":"info","message":"Server running on port 9000","timestamp":"14/1/2026, 08:49:14"}
{"level":"info","message":"Server running on port 9000","timestamp":"14/1/2026, 08:49:15"}
{"level":"info","message":"Server running on port 9000","timestamp":"14/1/2026, 08:49:19"}
{"fileSize":1042157,"jobDescriptionLength":573,"level":"info","message":"Processing resume polish request:","originalFilename":"file-example_PDF_1MB.pdf","timestamp":"14/1/2026, 08:54:27"}
{"code":"PGRST106","details":null,"hint":"Only the following schemas are exposed: public, graphql_public","level":"error","message":"Error inserting data: Invalid schema: pdf","timestamp":"14/1/2026, 08:54:29"}
{"fileSize":1042157,"jobDescriptionLength":573,"level":"info","message":"Processing resume polish request:","originalFilename":"file-example_PDF_1MB.pdf","timestamp":"14/1/2026, 08:59:02"}
{"code":"PGRST204","details":null,"hint":null,"level":"error","message":"Error inserting data: Could not find the 'job_description' column of 'pdf_upload_details' in the schema cache","timestamp":"14/1/2026, 08:59:04"}
{"level":"info","message":"Server running on port 9000","timestamp":"14/1/2026, 09:01:41"}
{"level":"info","message":"Server running on port 9000","timestamp":"14/1/2026, 09:01:43"}
{"level":"info","message":"Server running on port 9000","timestamp":"14/1/2026, 09:01:47"}
{"level":"info","message":"Server running on port 9000","timestamp":"14/1/2026, 09:02:50"}
{"level":"info","message":"Server running on port 9000","timestamp":"14/1/2026, 09:02:54"}
{"level":"info","message":"Server running on port 9000","timestamp":"14/1/2026, 09:02:55"}
{"level":"info","message":"Server running on port 9000","timestamp":"14/1/2026, 09:03:00"}
{"fileSize":1042157,"jobDescriptionLength":573,"level":"info","message":"Processing resume polish request:","originalFilename":"file-example_PDF_1MB.pdf","timestamp":"14/1/2026, 09:03:07"}
{"code":"42501","details":null,"hint":null,"level":"error","message":"Error inserting data: permission denied for schema pdf","timestamp":"14/1/2026, 09:03:09"}
{"fileSize":1042157,"jobDescriptionLength":573,"level":"info","message":"Processing resume polish request:","originalFilename":"file-example_PDF_1MB.pdf","timestamp":"14/1/2026, 09:05:46"}
{"code":"42501","details":null,"hint":null,"level":"error","message":"Error inserting data: permission denied for schema pdf","timestamp":"14/1/2026, 09:05:49"}
{"level":"info","message":"Server running on port 9000","timestamp":"7/3/2026, 18:08:15"}
{"level":"info","message":"Welcome to the API!","timestamp":"7/3/2026, 18:10:12"}
{"level":"info","message":"Welcome to the API!","timestamp":"7/3/2026, 18:10:20"}
{"fileSize":105782,"jobDescriptionLength":1728,"level":"info","message":"Processing resume polish request:","originalFilename":"Mithilesh_resume_1.pdf","timestamp":"7/3/2026, 18:18:37"}
{"code":"42501","details":null,"hint":null,"level":"error","message":"Error inserting data: permission denied for schema pdf","timestamp":"7/3/2026, 18:18:39"}
{"fileSize":105782,"jobDescriptionLength":1728,"level":"info","message":"Processing resume polish request:","originalFilename":"Mithilesh_resume_1.pdf","timestamp":"7/3/2026, 18:29:58"}
{"code":"42501","details":null,"hint":null,"level":"error","message":"Error inserting data: new row violates row-level security policy for table \"pdf_upload_details\"","timestamp":"7/3/2026, 18:30:00"}
{"fileSize":105782,"jobDescriptionLength":1728,"level":"info","message":"Processing resume polish request:","originalFilename":"Mithilesh_resume_1.pdf","timestamp":"7/3/2026, 18:30:53"}
{"0":{"created_at":"2026-03-07T13:00:54.109+00:00","id":2,"pdf_description":null,"pdf_name":null,"pdf_size":"105782","pdf_type":"resume"},"level":"info","message":"Inserted data:","timestamp":"7/3/2026, 18:30:54"}
{"level":"info","message":"Server running on port 9000","timestamp":"7/3/2026, 18:31:48"}
{"level":"info","message":"Server running on port 9000","timestamp":"7/3/2026, 18:31:51"}
{"level":"info","message":"Server running on port 9000","timestamp":"7/3/2026, 18:31:53"}
{"level":"info","message":"Server running on port 9000","timestamp":"7/3/2026, 18:31:56"}
{"fileSize":105782,"jobDescriptionLength":1728,"level":"info","message":"Processing resume polish request:","originalFilename":"Mithilesh_resume_1.pdf","timestamp":"7/3/2026, 18:32:12"}
{"0":{"created_at":"2026-03-07T13:02:13.4+00:00","id":3,"pdf_description":null,"pdf_name":null,"pdf_size":"105782","pdf_type":"resume"},"level":"info","message":"Inserted data:","timestamp":"7/3/2026, 18:32:13"}
{"level":"info","message":"Server running on port 9000","timestamp":"7/3/2026, 18:32:56"}
{"level":"info","message":"Server running on port 9000","timestamp":"7/3/2026, 18:34:56"}
{"level":"info","message":"Server running on port 9000","timestamp":"7/3/2026, 18:35:02"}
{"level":"info","message":"Server running on port 9000","timestamp":"7/3/2026, 18:35:08"}
{"level":"info","message":"Server running on port 9000","timestamp":"7/3/2026, 18:36:13"}
{"level":"info","message":"Server running on port 9000","timestamp":"7/3/2026, 18:36:21"}
{"level":"info","message":"Server running on port 9000","timestamp":"7/3/2026, 18:36:27"}
{"level":"info","message":"Server running on port 9000","timestamp":"7/3/2026, 18:36:29"}
{"fileSize":105782,"jobDescriptionLength":1728,"level":"info","message":"Processing resume polish request:","originalFilename":"Mithilesh_resume_1.pdf","timestamp":"7/3/2026, 18:36:37"}
{"level":"info","message":"Server running on port 9000","timestamp":"7/3/2026, 18:36:52"}
{"level":"info","message":"Server running on port 9000","timestamp":"7/3/2026, 18:37:16"}
{"level":"info","message":"Server running on port 9000","timestamp":"7/3/2026, 18:37:22"}
{"level":"info","message":"Server running on port 9000","timestamp":"7/3/2026, 18:37:23"}
{"level":"info","message":"Server running on port 9000","timestamp":"7/3/2026, 18:37:27"}
{"fileSize":105782,"jobDescriptionLength":1728,"level":"info","message":"Processing resume polish request:","originalFilename":"Mithilesh_resume_1.pdf","timestamp":"7/3/2026, 18:37:35"}
{"0":{"created_at":"2026-03-07T13:07:36.738+00:00","id":4,"pdf_description":null,"pdf_name":"Mithilesh_resume_1.pdf","pdf_size":"105782","pdf_type":"resume"},"level":"info","message":"Inserted data:","timestamp":"7/3/2026, 18:37:37"}
{"fileSize":105782,"jobDescriptionLength":1728,"level":"info","message":"Processing resume polish request:","originalFilename":"Mithilesh_resume_1.pdf","timestamp":"7/3/2026, 18:39:36"}
{"0":{"created_at":"2026-03-07T13:09:37.329+00:00","id":5,"pdf_description":null,"pdf_name":"Mithilesh_resume_1.pdf","pdf_size":"105782","pdf_type":"resume"},"level":"info","message":"Inserted data:","timestamp":"7/3/2026, 18:39:37"}
{"level":"info","message":"Server running on port 9000","timestamp":"7/3/2026, 18:39:53"}
{"fileSize":105782,"jobDescriptionLength":1728,"level":"info","message":"Processing resume polish request:","originalFilename":"Mithilesh_resume_1.pdf","timestamp":"7/3/2026, 18:39:57"}
{"0":{"created_at":"2026-03-07T13:09:58.888+00:00","id":6,"pdf_description":null,"pdf_name":"Mithilesh_resume_1.pdf","pdf_size":"105782","pdf_type":"resume"},"level":"info","message":"Inserted data:","timestamp":"7/3/2026, 18:39:59"}
{"fileSize":105782,"jobDescriptionLength":1728,"level":"info","message":"Processing resume polish request:","originalFilename":"Mithilesh_resume_1.pdf","timestamp":"7/3/2026, 18:40:58"}
{"0":{"created_at":"2026-03-07T13:10:59.796+00:00","id":7,"pdf_description":null,"pdf_name":"Mithilesh_resume_1.pdf","pdf_size":"105782","pdf_type":"resume"},"level":"info","message":"Inserted data:","timestamp":"7/3/2026, 18:41:00"}
{"level":"info","message":"Server running on port 9000","timestamp":"7/3/2026, 18:45:36"}
{"level":"info","message":"Server running on port 9000","timestamp":"7/3/2026, 18:45:39"}
{"level":"info","message":"Server running on port 9000","timestamp":"7/3/2026, 18:45:42"}
{"fileSize":105782,"jobDescriptionLength":1728,"level":"info","message":"Processing resume polish request:","originalFilename":"Mithilesh_resume_1.pdf","timestamp":"7/3/2026, 18:45:47"}
{"0":{"created_at":"2026-03-07T13:15:48.784+00:00","id":8,"pdf_description":null,"pdf_name":"Mithilesh_resume_1.pdf","pdf_size":"105782","pdf_type":"resume"},"level":"info","message":"Inserted data:","timestamp":"7/3/2026, 18:45:49"}
{"level":"info","message":"Server running on port 9000","timestamp":"7/3/2026, 18:46:10"}
{"level":"info","message":"Server running on port 9000","timestamp":"7/3/2026, 18:46:13"}
{"fileSize":105782,"jobDescriptionLength":1728,"level":"info","message":"Processing resume polish request:","originalFilename":"Mithilesh_resume_1.pdf","timestamp":"7/3/2026, 18:46:18"}
{"0":{"created_at":"2026-03-07T13:16:19.934+00:00","id":9,"pdf_description":null,"pdf_name":"Mithilesh_resume_1.pdf","pdf_size":"105782","pdf_type":"resume"},"level":"info","message":"Inserted data:","timestamp":"7/3/2026, 18:46:20"}
{"fileSize":105782,"jobDescriptionLength":1728,"level":"info","message":"Processing resume polish request:","originalFilename":"Mithilesh_resume_1.pdf","timestamp":"7/3/2026, 18:46:55"}
{"0":{"created_at":"2026-03-07T13:16:56.315+00:00","id":10,"pdf_description":null,"pdf_name":"Mithilesh_resume_1.pdf","pdf_size":"105782","pdf_type":"resume"},"level":"info","message":"Inserted data:","timestamp":"7/3/2026, 18:46:56"}
{"fileSize":105782,"jobDescriptionLength":1728,"level":"info","message":"Processing resume polish request:","originalFilename":"Mithilesh_resume_1.pdf","timestamp":"7/3/2026, 18:48:17"}
{"0":{"created_at":"2026-03-07T13:18:18.028+00:00","id":11,"pdf_description":null,"pdf_name":"Mithilesh_resume_1.pdf","pdf_size":"105782","pdf_type":"resume"},"level":"info","message":"Inserted data:","timestamp":"7/3/2026, 18:48:18"}
{"fileSize":105782,"jobDescriptionLength":1728,"level":"info","message":"Processing resume polish request:","originalFilename":"Mithilesh_resume_1.pdf","timestamp":"7/3/2026, 18:48:52"}
{"0":{"created_at":"2026-03-07T13:18:53.245+00:00","id":12,"pdf_description":null,"pdf_name":"Mithilesh_resume_1.pdf","pdf_size":"105782","pdf_type":"resume"},"level":"info","message":"Inserted data:","timestamp":"7/3/2026, 18:48:53"}
{"level":"info","message":"Server running on port 9000","timestamp":"7/3/2026, 18:49:46"}
{"level":"info","message":"Server running on port 9000","timestamp":"7/3/2026, 18:50:34"}
{"level":"info","message":"Server running on port 9000","timestamp":"7/3/2026, 18:50:36"}
{"fileSize":105782,"jobDescriptionLength":1728,"level":"info","message":"Processing resume polish request:","originalFilename":"Mithilesh_resume_1.pdf","timestamp":"7/3/2026, 18:50:38"}
{"0":{"created_at":"2026-03-07T13:20:40.124+00:00","id":13,"pdf_description":null,"pdf_name":"Mithilesh_resume_1.pdf","pdf_size":"105782","pdf_type":"resume"},"level":"info","message":"Inserted data:","timestamp":"7/3/2026, 18:50:40"}
{"fileSize":105782,"jobDescriptionLength":1728,"level":"info","message":"Processing resume polish request:","originalFilename":"Mithilesh_resume_1.pdf","timestamp":"7/3/2026, 18:50:51"}
{"0":{"created_at":"2026-03-07T13:20:52.53+00:00","id":14,"pdf_description":null,"pdf_name":"Mithilesh_resume_1.pdf","pdf_size":"105782","pdf_type":"resume"},"level":"info","message":"Inserted data:","timestamp":"7/3/2026, 18:50:52"}
{"level":"info","message":"Server running on port 9000","timestamp":"7/3/2026, 18:51:32"}
{"fileSize":105782,"jobDescriptionLength":1728,"level":"info","message":"Processing resume polish request:","originalFilename":"Mithilesh_resume_1.pdf","timestamp":"7/3/2026, 18:51:37"}
{"0":{"created_at":"2026-03-07T13:21:38.451+00:00","id":15,"pdf_description":null,"pdf_name":"Mithilesh_resume_1.pdf","pdf_size":"105782","pdf_type":"resume"},"level":"info","message":"Inserted data:","timestamp":"7/3/2026, 18:51:38"}
{"level":"info","message":"Server running on port 9000","timestamp":"7/3/2026, 20:29:46"}
{"level":"info","message":"Server running on port 9000","timestamp":"8/3/2026, 16:27:20"}
{"level":"info","message":"Server running on port 9000","timestamp":"8/3/2026, 16:29:14"}
{"level":"info","message":"Server running on port 9000","timestamp":"8/3/2026, 16:29:23"}
{"level":"info","message":"Server running on port 9000","timestamp":"8/3/2026, 16:29:31"}
{"level":"info","message":"Server running on port 9000","timestamp":"8/3/2026, 16:29:35"}
{"level":"info","message":"Server running on port 9000","timestamp":"8/3/2026, 16:29:51"}
{"level":"info","message":"Server running on port 9000","timestamp":"8/3/2026, 16:32:25"}
{"level":"info","message":"Server running on port 9000","timestamp":"8/3/2026, 16:32:34"}
{"level":"info","message":"Server running on port 9000","timestamp":"8/3/2026, 16:32:37"}
{"level":"info","message":"Server running on port 9000","timestamp":"8/3/2026, 16:32:40"}
{"level":"info","message":"Server running on port 9000","timestamp":"8/3/2026, 16:33:19"}
{"level":"info","message":"Server running on port 9000","timestamp":"8/3/2026, 16:33:42"}
{"level":"info","message":"Server running on port 9000","timestamp":"8/3/2026, 16:33:45"}
{"level":"info","message":"Server running on port 9000","timestamp":"8/3/2026, 16:33:48"}
{"level":"info","message":"Server running on port 9000","timestamp":"8/3/2026, 16:33:54"}
{"level":"info","message":"Server running on port 9000","timestamp":"8/3/2026, 16:33:59"}
{"level":"info","message":"Server running on port 9000","timestamp":"8/3/2026, 16:34:14"}
{"level":"info","message":"Server running on port 9000","timestamp":"8/3/2026, 16:34:23"}
{"level":"info","message":"Server running on port 9000","timestamp":"8/3/2026, 16:34:33"}
{"level":"info","message":"Server running on port 9000","timestamp":"8/3/2026, 16:34:44"}
{"level":"info","message":"Server running on port 9000","timestamp":"8/3/2026, 16:34:48"}
{"level":"info","message":"Server running on port 9000","timestamp":"8/3/2026, 16:58:36"}
{"level":"info","message":"Server running on port 9000","timestamp":"8/3/2026, 16:58:39"}
{"level":"info","message":"Server running on port 9000","timestamp":"8/3/2026, 16:59:30"}
{"level":"info","message":"Server running on port 9000","timestamp":"8/3/2026, 17:02:46"}
{"level":"info","message":"Server running on port 9000","timestamp":"8/3/2026, 17:04:07"}
{"level":"info","message":"Server running on port 9000","timestamp":"8/3/2026, 17:04:10"}
{"level":"info","message":"Server running on port 9000","timestamp":"8/3/2026, 17:04:13"}
{"level":"info","message":"Server running on port 9000","timestamp":"8/3/2026, 17:04:17"}
{"level":"info","message":"Server running on port 9000","timestamp":"8/3/2026, 17:04:19"}
{"level":"info","message":"Server running on port 9000","timestamp":"8/3/2026, 17:04:24"}
{"level":"info","message":"Server running on port 9000","timestamp":"8/3/2026, 17:04:28"}
{"level":"info","message":"Server running on port 9000","timestamp":"8/3/2026, 17:04:34"}
{"level":"info","message":"Server running on port 9000","timestamp":"8/3/2026, 17:04:36"}
{"level":"info","message":"Server running on port 9000","timestamp":"8/3/2026, 17:04:45"}
{"level":"info","message":"Server running on port 9000","timestamp":"8/3/2026, 17:04:49"}
{"level":"info","message":"Server running on port 9000","timestamp":"8/3/2026, 17:04:51"}
{"level":"info","message":"Server running on port 9000","timestamp":"8/3/2026, 17:04:54"}
{"level":"info","message":"Server running on port 9000","timestamp":"8/3/2026, 17:04:55"}
